Initialized native services in: C:\Users\Lenovo\.gradle\native
Initialized jansi services in: C:\Users\Lenovo\.gradle\native
Received JVM installation metadata from 'C:\Program Files\Eclipse Adoptium\jdk-17.0.17.10-hotspot': {JAVA_HOME=C:\Program Files\Eclipse Adoptium\jdk-17.0.17.10-hotspot, JAVA_VERSION=17.0.17, JAVA_VENDOR=Eclipse Adoptium, RUNTIME_NAME=OpenJDK Runtime Environment, RUNTIME_VERSION=17.0.17+10, VM_NAME=OpenJDK 64-Bit Server VM, VM_VERSION=17.0.17+10, VM_VENDOR=Eclipse Adoptium, OS_ARCH=amd64}
Found daemon DaemonInfo{pid=15656, address=[085a026b-f154-4818-8840-81f394e44329 port:63905, addresses:[/127.0.0.1]], state=Idle, lastBusy=1769884476739, context=DefaultDaemonContext[uid=561683f8-bdde-4fd1-942e-e12a4fb18979,javaHome=C:\Users\Lenovo\.antigravity\extensions\redhat.java-1.51.0-win32-x64\jre\21.0.9-win32-x86_64,daemonRegistryDir=C:\Users\Lenovo\.gradle\daemon,pid=15656,idleTimeout=10800000,priority=NORMAL,applyInstrumentationAgent=true,daemonOpts=--add-opens=java.base/java.util=ALL-UNNAMED,--add-opens=java.base/java.lang=ALL-UNNAMED,--add-opens=java.base/java.lang.invoke=ALL-UNNAMED,--add-opens=java.prefs/java.util.prefs=ALL-UNNAMED,--add-opens=java.base/java.nio.charset=ALL-UNNAMED,--add-opens=java.base/java.net=ALL-UNNAMED,--add-opens=java.base/java.util.concurrent.atomic=ALL-UNNAMED,-XX:MaxMetaspaceSize=384m,-XX:+HeapDumpOnOutOfMemoryError,-Xms256m,-Xmx512m,-Dfile.encoding=UTF-8,-Duser.country=US,-Duser.language=en,-Duser.variant]} however its context does not match the desired criteria.
Java home is different.
Wanted: DefaultDaemonContext[uid=null,javaHome=C:\Program Files\Eclipse Adoptium\jdk-17.0.17.10-hotspot,daemonRegistryDir=C:\Users\Lenovo\.gradle\daemon,pid=14396,idleTimeout=null,priority=NORMAL,applyInstrumentationAgent=true,daemonOpts=--add-opens=java.base/java.util=ALL-UNNAMED,--add-opens=java.base/java.lang=ALL-UNNAMED,--add-opens=java.base/java.lang.invoke=ALL-UNNAMED,--add-opens=java.prefs/java.util.prefs=ALL-UNNAMED,--add-opens=java.base/java.nio.charset=ALL-UNNAMED,--add-opens=java.base/java.net=ALL-UNNAMED,--add-opens=java.base/java.util.concurrent.atomic=ALL-UNNAMED,-XX:MaxMetaspaceSize=384m,-XX:+HeapDumpOnOutOfMemoryError,-Xms256m,-Xmx512m,-Dfile.encoding=windows-1252,-Duser.country=US,-Duser.language=en,-Duser.variant]
Actual: DefaultDaemonContext[uid=561683f8-bdde-4fd1-942e-e12a4fb18979,javaHome=C:\Users\Lenovo\.antigravity\extensions\redhat.java-1.51.0-win32-x64\jre\21.0.9-win32-x86_64,daemonRegistryDir=C:\Users\Lenovo\.gradle\daemon,pid=15656,idleTimeout=10800000,priority=NORMAL,applyInstrumentationAgent=true,daemonOpts=--add-opens=java.base/java.util=ALL-UNNAMED,--add-opens=java.base/java.lang=ALL-UNNAMED,--add-opens=java.base/java.lang.invoke=ALL-UNNAMED,--add-opens=java.prefs/java.util.prefs=ALL-UNNAMED,--add-opens=java.base/java.nio.charset=ALL-UNNAMED,--add-opens=java.base/java.net=ALL-UNNAMED,--add-opens=java.base/java.util.concurrent.atomic=ALL-UNNAMED,-XX:MaxMetaspaceSize=384m,-XX:+HeapDumpOnOutOfMemoryError,-Xms256m,-Xmx512m,-Dfile.encoding=UTF-8,-Duser.country=US,-Duser.language=en,-Duser.variant]

  Looking for a different daemon...
Found daemon DaemonInfo{pid=9568, address=[ecd1e68a-e9a6-49cd-b676-a36f30f356a1 port:64278, addresses:[/127.0.0.1]], state=Idle, lastBusy=1769959188260, context=DefaultDaemonContext[uid=8c9e363f-5ab2-4757-b07d-fd5c81645b01,javaHome=C:\Users\Lenovo\.antigravity\extensions\redhat.java-1.52.0-win32-x64\jre\21.0.9-win32-x86_64,daemonRegistryDir=C:\Users\Lenovo\.gradle\daemon,pid=9568,idleTimeout=10800000,priority=NORMAL,applyInstrumentationAgent=true,daemonOpts=--add-opens=java.base/java.util=ALL-UNNAMED,--add-opens=java.base/java.lang=ALL-UNNAMED,--add-opens=java.base/java.lang.invoke=ALL-UNNAMED,--add-opens=java.prefs/java.util.prefs=ALL-UNNAMED,--add-opens=java.base/java.nio.charset=ALL-UNNAMED,--add-opens=java.base/java.net=ALL-UNNAMED,--add-opens=java.base/java.util.concurrent.atomic=ALL-UNNAMED,-XX:MaxMetaspaceSize=384m,-XX:+HeapDumpOnOutOfMemoryError,-Xms256m,-Xmx512m,-Dfile.encoding=UTF-8,-Duser.country=US,-Duser.language=en,-Duser.variant]} however its context does not match the desired criteria.
Java home is different.
Wanted: DefaultDaemonContext[uid=null,javaHome=C:\Program Files\Eclipse Adoptium\jdk-17.0.17.10-hotspot,daemonRegistryDir=C:\Users\Lenovo\.gradle\daemon,pid=14396,idleTimeout=null,priority=NORMAL,applyInstrumentationAgent=true,daemonOpts=--add-opens=java.base/java.util=ALL-UNNAMED,--add-opens=java.base/java.lang=ALL-UNNAMED,--add-opens=java.base/java.lang.invoke=ALL-UNNAMED,--add-opens=java.prefs/java.util.prefs=ALL-UNNAMED,--add-opens=java.base/java.nio.charset=ALL-UNNAMED,--add-opens=java.base/java.net=ALL-UNNAMED,--add-opens=java.base/java.util.concurrent.atomic=ALL-UNNAMED,-XX:MaxMetaspaceSize=384m,-XX:+HeapDumpOnOutOfMemoryError,-Xms256m,-Xmx512m,-Dfile.encoding=windows-1252,-Duser.country=US,-Duser.language=en,-Duser.variant]
Actual: DefaultDaemonContext[uid=8c9e363f-5ab2-4757-b07d-fd5c81645b01,javaHome=C:\Users\Lenovo\.antigravity\extensions\redhat.java-1.52.0-win32-x64\jre\21.0.9-win32-x86_64,daemonRegistryDir=C:\Users\Lenovo\.gradle\daemon,pid=9568,idleTimeout=10800000,priority=NORMAL,applyInstrumentationAgent=true,daemonOpts=--add-opens=java.base/java.util=ALL-UNNAMED,--add-opens=java.base/java.lang=ALL-UNNAMED,--add-opens=java.base/java.lang.invoke=ALL-UNNAMED,--add-opens=java.prefs/java.util.prefs=ALL-UNNAMED,--add-opens=java.base/java.nio.charset=ALL-UNNAMED,--add-opens=java.base/java.net=ALL-UNNAMED,--add-opens=java.base/java.util.concurrent.atomic=ALL-UNNAMED,-XX:MaxMetaspaceSize=384m,-XX:+HeapDumpOnOutOfMemoryError,-Xms256m,-Xmx512m,-Dfile.encoding=UTF-8,-Duser.country=US,-Duser.language=en,-Duser.variant]

  Looking for a different daemon...
Found daemon DaemonInfo{pid=4808, address=[5253ccbf-a4e2-43d5-b2d6-b0248f100ef9 port:64283, addresses:[/127.0.0.1]], state=Idle, lastBusy=1769958669461, context=DefaultDaemonContext[uid=143bc251-cec8-4703-beae-851f40b7c81f,javaHome=C:\Users\Lenovo\.antigravity\extensions\redhat.java-1.52.0-win32-x64\jre\21.0.9-win32-x86_64,daemonRegistryDir=C:\Users\Lenovo\.gradle\daemon,pid=4808,idleTimeout=10800000,priority=NORMAL,applyInstrumentationAgent=true,daemonOpts=--add-opens=java.base/java.util=ALL-UNNAMED,--add-opens=java.base/java.lang=ALL-UNNAMED,--add-opens=java.base/java.lang.invoke=ALL-UNNAMED,--add-opens=java.prefs/java.util.prefs=ALL-UNNAMED,--add-opens=java.base/java.nio.charset=ALL-UNNAMED,--add-opens=java.base/java.net=ALL-UNNAMED,--add-opens=java.base/java.util.concurrent.atomic=ALL-UNNAMED,-Dfile.encoding=UTF-8,-Duser.country=US,-Duser.language=en,-Duser.variant]} however its context does not match the desired criteria.
Java home is different.
Wanted: DefaultDaemonContext[uid=null,javaHome=C:\Program Files\Eclipse Adoptium\jdk-17.0.17.10-hotspot,daemonRegistryDir=C:\Users\Lenovo\.gradle\daemon,pid=14396,idleTimeout=null,priority=NORMAL,applyInstrumentationAgent=true,daemonOpts=--add-opens=java.base/java.util=ALL-UNNAMED,--add-opens=java.base/java.lang=ALL-UNNAMED,--add-opens=java.base/java.lang.invoke=ALL-UNNAMED,--add-opens=java.prefs/java.util.prefs=ALL-UNNAMED,--add-opens=java.base/java.nio.charset=ALL-UNNAMED,--add-opens=java.base/java.net=ALL-UNNAMED,--add-opens=java.base/java.util.concurrent.atomic=ALL-UNNAMED,-XX:MaxMetaspaceSize=384m,-XX:+HeapDumpOnOutOfMemoryError,-Xms256m,-Xmx512m,-Dfile.encoding=windows-1252,-Duser.country=US,-Duser.language=en,-Duser.variant]
Actual: DefaultDaemonContext[uid=143bc251-cec8-4703-beae-851f40b7c81f,javaHome=C:\Users\Lenovo\.antigravity\extensions\redhat.java-1.52.0-win32-x64\jre\21.0.9-win32-x86_64,daemonRegistryDir=C:\Users\Lenovo\.gradle\daemon,pid=4808,idleTimeout=10800000,priority=NORMAL,applyInstrumentationAgent=true,daemonOpts=--add-opens=java.base/java.util=ALL-UNNAMED,--add-opens=java.base/java.lang=ALL-UNNAMED,--add-opens=java.base/java.lang.invoke=ALL-UNNAMED,--add-opens=java.prefs/java.util.prefs=ALL-UNNAMED,--add-opens=java.base/java.nio.charset=ALL-UNNAMED,--add-opens=java.base/java.net=ALL-UNNAMED,--add-opens=java.base/java.util.concurrent.atomic=ALL-UNNAMED,-Dfile.encoding=UTF-8,-Duser.country=US,-Duser.language=en,-Duser.variant]

  Looking for a different daemon...
The client will now receive all logging from the daemon (pid: 32704). The daemon log file: C:\Users\Lenovo\.gradle\daemon\8.2\daemon-32704.out.log
Starting 27th build in daemon [uptime: 1 hrs 7 mins 25.921 secs, performance: 100%, GC rate: 0.00/s, heap usage: 0% of 512 MiB, non-heap usage: 23% of 384 MiB]
Using 16 worker leases.
Now considering [E:\Hissain\Github\jscipy] as hierarchies to watch
Watching the file system is configured to be enabled if available
File system watching is active
Starting Build
The configuration detachedConfiguration1 is both resolvable and consumable. This is considered a legacy configuration and it will eventually only be possible to be one of these.
The configuration detachedConfiguration1 is both consumable and declarable. This combination is incorrect, only one of these flags should be set.
The configuration detachedConfiguration1 is both resolvable and consumable. This is considered a legacy configuration and it will eventually only be possible to be one of these.
The configuration detachedConfiguration1 is both consumable and declarable. This combination is incorrect, only one of these flags should be set.
The configuration classpath is both resolvable and consumable. This is considered a legacy configuration and it will eventually only be possible to be one of these.
The configuration classpath is both consumable and declarable. This combination is incorrect, only one of these flags should be set.
The configuration classpath is both resolvable and consumable. This is considered a legacy configuration and it will eventually only be possible to be one of these.
The configuration classpath is both consumable and declarable. This combination is incorrect, only one of these flags should be set.
Settings evaluated using settings file 'E:\Hissain\Github\jscipy\settings.gradle'.
Projects loaded. Root project using build file 'E:\Hissain\Github\jscipy\build.gradle'.
Included projects: [root project 'jscipy']

> Configure project :
Evaluating root project 'jscipy' using build file 'E:\Hissain\Github\jscipy\build.gradle'.
The configuration detachedConfiguration1 is both resolvable and consumable. This is considered a legacy configuration and it will eventually only be possible to be one of these.
The configuration detachedConfiguration1 is both consumable and declarable. This combination is incorrect, only one of these flags should be set.
The configuration detachedConfiguration1 is both resolvable and consumable. This is considered a legacy configuration and it will eventually only be possible to be one of these.
The configuration detachedConfiguration1 is both consumable and declarable. This combination is incorrect, only one of these flags should be set.
The configuration :classpath is both resolvable and consumable. This is considered a legacy configuration and it will eventually only be possible to be one of these.
The configuration :classpath is both consumable and declarable. This combination is incorrect, only one of these flags should be set.
The configuration :classpath is both resolvable and consumable. This is considered a legacy configuration and it will eventually only be possible to be one of these.
The configuration :classpath is both consumable and declarable. This combination is incorrect, only one of these flags should be set.
All projects evaluated.
Task name matched 'test'
Selected primary task 'test' from project :
The configuration :coverageDataElementsForTest is both consumable and declarable. This combination is incorrect, only one of these flags should be set.
The configuration :javadocElements is both consumable and declarable. This combination is incorrect, only one of these flags should be set.
The configuration :mainSourceElements is both consumable and declarable. This combination is incorrect, only one of these flags should be set.
The configuration :signatures is both resolvable and consumable. This is considered a legacy configuration and it will eventually only be possible to be one of these.
The configuration :signatures is both consumable and declarable. This combination is incorrect, only one of these flags should be set.
The configuration :sourcesElements is both consumable and declarable. This combination is incorrect, only one of these flags should be set.
Tasks to be executed: [task ':compileJava', task ':processResources', task ':classes', task ':compileTestJava', task ':processTestResources', task ':testClasses', task ':test', task ':jacocoTestReport']
Tasks that were excluded: []
Resolve mutations for :compileJava (Thread[Execution worker Thread 5,5,main]) started.
:compileJava (Thread[Execution worker Thread 5,5,main]) started.

> Task :compileJava UP-TO-DATE
Caching disabled for task ':compileJava' because:
  Build cache is disabled
Skipping task ':compileJava' as it is up-to-date.
Resolve mutations for :processResources (Thread[Execution worker Thread 5,5,main]) started.
:processResources (Thread[Execution worker Thread 5,5,main]) started.

> Task :processResources NO-SOURCE
Skipping task ':processResources' as it has no source files and no previous output files.
Resolve mutations for :classes (Thread[Execution worker Thread 5,5,main]) started.
:classes (Thread[Execution worker Thread 5,5,main]) started.

> Task :classes UP-TO-DATE
Skipping task ':classes' as it has no actions.
Resolve mutations for :compileTestJava (Thread[Execution worker Thread 5,5,main]) started.
:compileTestJava (Thread[Execution worker Thread 5,5,main]) started.

> Task :compileTestJava UP-TO-DATE
Caching disabled for task ':compileTestJava' because:
  Build cache is disabled
Skipping task ':compileTestJava' as it is up-to-date.
Resolve mutations for :processTestResources (Thread[Execution worker Thread 5,5,main]) started.
:processTestResources (Thread[Execution worker Thread 5,5,main]) started.

> Task :processTestResources NO-SOURCE
Skipping task ':processTestResources' as it has no source files and no previous output files.
Resolve mutations for :testClasses (Thread[Execution worker Thread 5,5,main]) started.
:testClasses (Thread[Execution worker Thread 5,5,main]) started.

> Task :testClasses UP-TO-DATE
Skipping task ':testClasses' as it has no actions.
Resolve mutations for :test (Thread[Execution worker Thread 5,5,main]) started.
:test (Thread[Execution worker Thread 5,5,main]) started.
Gradle Test Executor 35 started executing tests.

> Task :test
Caching disabled for task ':test' because:
  Build cache is disabled
Task ':test' is not up-to-date because:
  Task has failed previously.
Starting process 'Gradle Test Executor 35'. Working directory: E:\Hissain\Github\jscipy Command: C:\Users\Lenovo\.gradle\jdks\temurin-8-amd64-windows\jdk8u462-b08\bin\java.exe -Djava.security.manager=worker.org.gradle.process.internal.worker.child.BootstrapSecurityManager -Dorg.gradle.internal.worker.tmpdir=E:\Hissain\Github\jscipy\build\tmp\test\work -Dorg.gradle.native=false -javaagent:E:\Hissain\Github\jscipy\build\tmp\.cache\expanded\zip_cde35f471dab581134460fc9a50e2c59\jacocoagent.jar=destfile=build/jacoco/test.exec,append=true,inclnolocationclasses=false,dumponexit=true,output=file,jmx=false -Xmx512m -Dfile.encoding=windows-1252 -Duser.country=US -Duser.language=en -Duser.variant -ea -cp C:\Users\Lenovo\.gradle\caches\8.2\workerMain\gradle-worker.jar worker.org.gradle.process.internal.worker.GradleWorkerMain 'Gradle Test Executor 35'
Successfully started process 'Gradle Test Executor 35'

RK4SolverTest > testSolve() FAILED
    org.opentest4j.AssertionFailedError: expected: <1.0> but was: <0.0>
        at org.junit.jupiter.api.AssertionFailureBuilder.build(AssertionFailureBuilder.java:151)
        at org.junit.jupiter.api.AssertionFailureBuilder.buildAndThrow(AssertionFailureBuilder.java:132)
        at org.junit.jupiter.api.AssertEquals.failNotEqual(AssertEquals.java:197)
        at org.junit.jupiter.api.AssertEquals.assertEquals(AssertEquals.java:86)
        at org.junit.jupiter.api.AssertEquals.assertEquals(AssertEquals.java:81)
        at org.junit.jupiter.api.Assertions.assertEquals(Assertions.java:1011)
        at com.hissain.jscipy.math.RK4SolverTest.testSolve(RK4SolverTest.java:17)

Gradle Test Executor 35 finished executing tests.

> Task :test FAILED

4 tests completed, 1 failed
Finished generating test XML results (0.002 secs) into: E:\Hissain\Github\jscipy\build\test-results\test
Generating HTML test report...
Finished generating test html results (0.006 secs) into: E:\Hissain\Github\jscipy\build\reports\tests\test

FAILURE: Build failed with an exception.

* What went wrong:
Execution failed for task ':test'.
> There were failing tests. See the report at: file:///E:/Hissain/Github/jscipy/build/reports/tests/test/index.html

* Try:
> Run with --scan to get full insights.

Deprecated Gradle features were used in this build, making it incompatible with Gradle 9.0.

You can use '--warning-mode all' to show the individual deprecation warnings and determine if they come from your own scripts or plugins.

For more on this, please refer to https://docs.gradle.org/8.2/userguide/command_line_interface.html#sec:command_line_warnings in the Gradle documentation.

BUILD FAILED in 4s
3 actionable tasks: 1 executed, 2 up-to-date
Watched directory hierarchies: [E:\Hissain\Github\jscipy]
